<testsuites id="" name="" tests="4" failures="3" skipped="0" errors="0" time="31.755171999999998">
<testsuite name="auth.spec.ts" timestamp="2026-01-11T02:05:33.636Z" hostname="chromium" tests="4" failures="3" skipped="0" time="43.037" errors="0">
<testcase name="Authentication Flow › should login with valid credentials and show success toast" classname="auth.spec.ts" time="5.632">
<failure message="auth.spec.ts:4:9 should login with valid credentials and show success toast" type="FAILURE">
<![CDATA[  [chromium] › auth.spec.ts:4:9 › Authentication Flow › should login with valid credentials and show success toast 

    Error: expect(page).toHaveURL(expected) failed

    Expected pattern: /.*login|.*auth/i
    Received string:  "https://chorilocal.onrender.com/"
    Timeout: 5000ms

    Call log:
      - Expect "toHaveURL" with timeout 5000ms
        9 × unexpected value "https://chorilocal.onrender.com/"


      4 |     test('should login with valid credentials and show success toast', async ({ page }) => {
      5 |         await page.goto('/');
    > 6 |         await expect(page).toHaveURL(/.*login|.*auth/i);
        |                            ^
      7 |
      8 |         await page.fill('input[type="email"]', 'admin@example.com');
      9 |         await page.fill('input[type="password"]', 'password123');
        at /home/mauro/dev/chorizaurio/e2e/auth.spec.ts:6:28

    attachment #1: screenshot (image/png) ──────────────────────────────────────────────────────────
    ../test-results/auth-Authentication-Flow-s-ec3f8-ials-and-show-success-toast-chromium/test-failed-1.png
    ────────────────────────────────────────────────────────────────────────────────────────────────

    attachment #2: video (video/webm) ──────────────────────────────────────────────────────────────
    ../test-results/auth-Authentication-Flow-s-ec3f8-ials-and-show-success-toast-chromium/video.webm
    ────────────────────────────────────────────────────────────────────────────────────────────────

    Error Context: ../test-results/auth-Authentication-Flow-s-ec3f8-ials-and-show-success-toast-chromium/error-context.md
]]>
</failure>
<system-out>
<![CDATA[
[[ATTACHMENT|test-results/auth-Authentication-Flow-s-ec3f8-ials-and-show-success-toast-chromium/test-failed-1.png]]

[[ATTACHMENT|test-results/auth-Authentication-Flow-s-ec3f8-ials-and-show-success-toast-chromium/video.webm]]

[[ATTACHMENT|test-results/auth-Authentication-Flow-s-ec3f8-ials-and-show-success-toast-chromium/error-context.md]]
]]>
</system-out>
</testcase>
<testcase name="Authentication Flow › should show error toast for invalid credentials" classname="auth.spec.ts" time="31.116">
<failure message="auth.spec.ts:21:9 should show error toast for invalid credentials" type="FAILURE">
<![CDATA[  [chromium] › auth.spec.ts:21:9 › Authentication Flow › should show error toast for invalid credentials 

    Test timeout of 30000ms exceeded.

    Error: page.fill: Test timeout of 30000ms exceeded.
    Call log:
      - waiting for locator('input[type="email"]')


      22 |         await page.goto('/');
      23 |
    > 24 |         await page.fill('input[type="email"]', 'invalid@example.com');
         |                    ^
      25 |         await page.fill('input[type="password"]', 'wrongpassword');
      26 |         await page.click('button:has-text("Entrar")');
      27 |
        at /home/mauro/dev/chorizaurio/e2e/auth.spec.ts:24:20

    attachment #1: screenshot (image/png) ──────────────────────────────────────────────────────────
    ../test-results/auth-Authentication-Flow-s-22a65-ast-for-invalid-credentials-chromium/test-failed-1.png
    ────────────────────────────────────────────────────────────────────────────────────────────────

    attachment #2: video (video/webm) ──────────────────────────────────────────────────────────────
    ../test-results/auth-Authentication-Flow-s-22a65-ast-for-invalid-credentials-chromium/video.webm
    ────────────────────────────────────────────────────────────────────────────────────────────────

    Error Context: ../test-results/auth-Authentication-Flow-s-22a65-ast-for-invalid-credentials-chromium/error-context.md
]]>
</failure>
<system-out>
<![CDATA[
[[ATTACHMENT|test-results/auth-Authentication-Flow-s-22a65-ast-for-invalid-credentials-chromium/test-failed-1.png]]

[[ATTACHMENT|test-results/auth-Authentication-Flow-s-22a65-ast-for-invalid-credentials-chromium/video.webm]]

[[ATTACHMENT|test-results/auth-Authentication-Flow-s-22a65-ast-for-invalid-credentials-chromium/error-context.md]]
]]>
</system-out>
</testcase>
<testcase name="Authentication Flow › should logout and clear session" classname="auth.spec.ts" time="0.446">
</testcase>
<testcase name="Authentication Flow › should persist session on page reload" classname="auth.spec.ts" time="5.843">
<failure message="auth.spec.ts:46:9 should persist session on page reload" type="FAILURE">
<![CDATA[  [chromium] › auth.spec.ts:46:9 › Authentication Flow › should persist session on page reload ─────

    Error: expect(locator).toBeVisible() failed

    Locator: locator('button:has-text("Cerrar sesión")')
    Expected: visible
    Timeout: 5000ms
    Error: element(s) not found

    Call log:
      - Expect "toBeVisible" with timeout 5000ms
      - waiting for locator('button:has-text("Cerrar sesión")')


      50 |         await page.reload();
      51 |         const logoutBtn = page.locator('button:has-text("Cerrar sesión")');
    > 52 |         await expect(logoutBtn).toBeVisible({ timeout: 5000 });
         |                                 ^
      53 |     });
      54 | });
      55 |
        at /home/mauro/dev/chorizaurio/e2e/auth.spec.ts:52:33

    attachment #1: screenshot (image/png) ──────────────────────────────────────────────────────────
    ../test-results/auth-Authentication-Flow-s-7d259-sist-session-on-page-reload-chromium/test-failed-1.png
    ────────────────────────────────────────────────────────────────────────────────────────────────

    attachment #2: video (video/webm) ──────────────────────────────────────────────────────────────
    ../test-results/auth-Authentication-Flow-s-7d259-sist-session-on-page-reload-chromium/video.webm
    ────────────────────────────────────────────────────────────────────────────────────────────────

    Error Context: ../test-results/auth-Authentication-Flow-s-7d259-sist-session-on-page-reload-chromium/error-context.md
]]>
</failure>
<system-out>
<![CDATA[
[[ATTACHMENT|test-results/auth-Authentication-Flow-s-7d259-sist-session-on-page-reload-chromium/test-failed-1.png]]

[[ATTACHMENT|test-results/auth-Authentication-Flow-s-7d259-sist-session-on-page-reload-chromium/video.webm]]

[[ATTACHMENT|test-results/auth-Authentication-Flow-s-7d259-sist-session-on-page-reload-chromium/error-context.md]]
]]>
</system-out>
</testcase>
</testsuite>
</testsuites>